12:19:56 **** Auto Build of configuration Debug for project Bidirectional_Transmitter ****
make pre-build main-build 
a9-linaro-pre-build-step
' '
'Building file: ../src/main.c'
'Invoking: ARM v7 gcc compiler'
arm-none-eabi-gcc -Wall -O0 -g3 -c -fmessage-length=0 -MT"src/main.o" -mcpu=cortex-a9 -mfpu=vfpv3 -mfloat-abi=hard -I../../Bidirectional_Transmitter_bsp/ps7_cortexa9_0/include -MMD -MP -MF"src/main.d" -MT"src/main.o" -o "src/main.o" "../src/main.c"
../src/main.c: In function 'BTN_Intr_Handler':
../src/main.c:295:25: warning: passing argument 2 of 'XUartPs_Send' from incompatible pointer type [-Wincompatible-pointer-types]
   XUartPs_Send(&serial, &TrxBuffer, 1);
                         ^
In file included from ../src/main.c:9:0:
../../Bidirectional_Transmitter_bsp/ps7_cortexa9_0/include/xuartps.h:465:5: note: expected 'u8 * {aka unsigned char *}' but argument is of type 'u32 * {aka long unsigned int *}'
 u32 XUartPs_Send(XUartPs *InstancePtr,u8 *BufferPtr,
     ^~~~~~~~~~~~
'Finished building: ../src/main.c'
' '
'Building target: Bidirectional_Transmitter.elf'
'Invoking: ARM v7 gcc linker'
arm-none-eabi-gcc -mcpu=cortex-a9 -mfpu=vfpv3 -mfloat-abi=hard -Wl,-build-id=none -specs=Xilinx.spec -Wl,-T -Wl,../src/lscript.ld -L../../Bidirectional_Transmitter_bsp/ps7_cortexa9_0/lib -o "Bidirectional_Transmitter.elf"  ./src/main.o ./src/platform.o   -Wl,--start-group,-lxil,-lgcc,-lc,--end-group
'Finished building target: Bidirectional_Transmitter.elf'
' '
'Invoking: ARM v7 Print Size'
arm-none-eabi-size Bidirectional_Transmitter.elf  |tee "Bidirectional_Transmitter.elf.size"
   text	   data	    bss	    dec	    hex	filename
  41644	   2800	  22744	  67188	  10674	Bidirectional_Transmitter.elf
'Finished building: Bidirectional_Transmitter.elf.size'
' '

12:19:58 Build Finished (took 1s.705ms)

